Copyright 1986-2022 Xilinx, Inc. All Rights Reserved. Copyright 2022-2025 Advanced Micro Devices, Inc. All Rights Reserved.
---------------------------------------------------------------------------------------------------------------------------------------------
| Tool Version : Vivado v.2025.1 (win64) Build 6140274 Thu May 22 00:12:29 MDT 2025
| Date         : Thu Sep 17 20:07:41 2026
| Host         : XiaomiROG running 64-bit major release  (build 9200)
| Command      : report_clocks -file C:/Users/xiaom/Documents/Vivado_Project/MGPU/out/vga_build/snapshot/clocks.rpt
| Design       : nexys_a7_vga_top
| Device       : 7a100t-csg324
| Speed File   : -1  PRODUCTION 1.23 2018-06-13
| Design State : Routed
---------------------------------------------------------------------------------------------------------------------------------------------

Clock Report


Attributes
  P: Propagated
  G: Generated
  A: Auto-derived
  R: Renamed
  V: Virtual
  I: Inverted
  S: Pin phase-shifted with Latency mode

Clock         Period(ns)  Waveform(ns)    Attributes  Sources
clk100        10.000      {0.000 5.000}   P           {CLK100MHZ}
feedback_raw  10.000      {0.000 5.000}   P,G,A       {u_clocks/u_mmcm/CLKFBOUT}
gpu_raw       160.000     {0.000 80.000}  P,G,A       {u_clocks/u_mmcm/CLKOUT1}
pixel_raw     40.000      {0.000 20.000}  P,G,A       {u_clocks/u_mmcm/CLKOUT0}


====================================================
Generated Clocks
====================================================

Generated Clock     : feedback_raw
Master Source       : u_clocks/u_mmcm/CLKIN1
Master Clock        : clk100
Multiply By         : 1
Generated Sources   : {u_clocks/u_mmcm/CLKFBOUT}

Generated Clock     : gpu_raw
Master Source       : u_clocks/u_mmcm/CLKIN1
Master Clock        : clk100
Edges               : {1 2 3}
Edge Shifts(ns)     : {0.000 75.000 150.000}
Generated Sources   : {u_clocks/u_mmcm/CLKOUT1}

Generated Clock     : pixel_raw
Master Source       : u_clocks/u_mmcm/CLKIN1
Master Clock        : clk100
Edges               : {1 2 3}
Edge Shifts(ns)     : {0.000 15.000 30.000}
Generated Sources   : {u_clocks/u_mmcm/CLKOUT0}



====================================================
User Uncertainty
====================================================



====================================================
User Jitter
====================================================


