Copyright 1986-2022 Xilinx, Inc. All Rights Reserved. Copyright 2022-2025 Advanced Micro Devices, Inc. All Rights Reserved.
--------------------------------------------------------------------------------------------------------------------------------------------------
| Tool Version : Vivado v.2025.1 (win64) Build 6140274 Thu May 22 00:12:29 MDT 2025
| Date         : Thu Sep 17 20:07:36 2026
| Host         : XiaomiROG running 64-bit major release  (build 9200)
| Command      : report_timing_summary -report_unconstrained -file C:/Users/xiaom/Documents/Vivado_Project/MGPU/out/vga_build/snapshot/timing.rpt
| Design       : nexys_a7_vga_top
| Device       : 7a100t-csg324
| Speed File   : -1  PRODUCTION 1.23 2018-06-13
| Design State : Routed
--------------------------------------------------------------------------------------------------------------------------------------------------

Timing Summary Report

------------------------------------------------------------------------------------------------
| Timer Settings
| --------------
------------------------------------------------------------------------------------------------

  Enable Multi Corner Analysis               :  Yes
  Enable Pessimism Removal                   :  Yes
  Pessimism Removal Resolution               :  Nearest Common Node
  Enable Input Delay Default Clock           :  No
  Enable Preset / Clear Arcs                 :  No
  Disable Flight Delays                      :  No
  Ignore I/O Paths                           :  No
  Timing Early Launch at Borrowing Latches   :  No
  Borrow Time for Max Delay Exceptions       :  Yes
  Merge Timing Exceptions                    :  Yes
  Inter-SLR Compensation                     :  Conservative

  Corner  Analyze    Analyze    
  Name    Max Paths  Min Paths  
  ------  ---------  ---------  
  Slow    Yes        Yes        
  Fast    Yes        Yes        


------------------------------------------------------------------------------------------------
| Report Methodology
| ------------------
------------------------------------------------------------------------------------------------

No report available as report_methodology has not been run prior. Run report_methodology on the current design for the summary of methodology violations.



check_timing report

Table of Contents
-----------------
1. checking no_clock (0)
2. checking constant_clock (0)
3. checking pulse_width_clock (0)
4. checking unconstrained_internal_endpoints (0)
5. checking no_input_delay (1)
6. checking no_output_delay (0)
7. checking multiple_clock (0)
8. checking generated_clocks (0)
9. checking loops (0)
10. checking partial_input_delay (0)
11. checking partial_output_delay (0)
12. checking latch_loops (0)

1. checking no_clock (0)
------------------------
 There are 0 register/latch pins with no clock.


2. checking constant_clock (0)
------------------------------
 There are 0 register/latch pins with constant_clock.


3. checking pulse_width_clock (0)
---------------------------------
 There are 0 register/latch pins which need pulse_width check


4. checking unconstrained_internal_endpoints (0)
------------------------------------------------
 There are 0 pins that are not constrained for maximum delay.

 There are 0 pins that are not constrained for maximum delay due to constant clock.


5. checking no_input_delay (1)
------------------------------
 There are 0 input ports with no input delay specified.

 There is 1 input port with no input delay but user has a false path constraint. (MEDIUM)


6. checking no_output_delay (0)
-------------------------------
 There are 0 ports with no output delay specified.

 There are 0 ports with no output delay but user has a false path constraint

 There are 0 ports with no output delay but with a timing clock defined on it or propagating through it


7. checking multiple_clock (0)
------------------------------
 There are 0 register/latch pins with multiple clocks.


8. checking generated_clocks (0)
--------------------------------
 There are 0 generated clocks that are not connected to a clock source.


9. checking loops (0)
---------------------
 There are 0 combinational loops in the design.


10. checking partial_input_delay (0)
------------------------------------
 There are 0 input ports with partial input delay specified.


11. checking partial_output_delay (0)
-------------------------------------
 There are 0 ports with partial output delay specified.


12. checking latch_loops (0)
----------------------------
 There are 0 combinational latch loops in the design through latch input



------------------------------------------------------------------------------------------------
| Design Timing Summary
| ---------------------
------------------------------------------------------------------------------------------------

    WNS(ns)      TNS(ns)  TNS Failing Endpoints  TNS Total Endpoints      WHS(ns)      THS(ns)  THS Failing Endpoints  THS Total Endpoints     WPWS(ns)     TPWS(ns)  TPWS Failing Endpoints  TPWS Total Endpoints  
    -------      -------  ---------------------  -------------------      -------      -------  ---------------------  -------------------     --------     --------  ----------------------  --------------------  
      1.584        0.000                      0                  291        0.160        0.000                      0                  277        3.000        0.000                       0                    73  


All user specified timing constraints are met.


------------------------------------------------------------------------------------------------
| Clock Summary
| -------------
------------------------------------------------------------------------------------------------

Clock           Waveform(ns)         Period(ns)      Frequency(MHz)
-----           ------------         ----------      --------------
clk100          {0.000 5.000}        10.000          100.000         
  feedback_raw  {0.000 5.000}        10.000          100.000         
  gpu_raw       {0.000 80.000}       160.000         6.250           
  pixel_raw     {0.000 20.000}       40.000          25.000          


------------------------------------------------------------------------------------------------
| Intra Clock Table
| -----------------
------------------------------------------------------------------------------------------------

Clock               WNS(ns)      TNS(ns)  TNS Failing Endpoints  TNS Total Endpoints      WHS(ns)      THS(ns)  THS Failing Endpoints  THS Total Endpoints     WPWS(ns)     TPWS(ns)  TPWS Failing Endpoints  TPWS Total Endpoints  
-----               -------      -------  ---------------------  -------------------      -------      -------  ---------------------  -------------------     --------     --------  ----------------------  --------------------  
clk100                                                                                                                                                            3.000        0.000                       0                     1  
  feedback_raw                                                                                                                                                    7.845        0.000                       0                     3  
  gpu_raw                                                                                                                                                        53.360        0.000                       0                    12  
  pixel_raw          31.778        0.000                      0                  277        0.160        0.000                      0                  277       19.500        0.000                       0                    57  


------------------------------------------------------------------------------------------------
| Inter Clock Table
| -----------------
------------------------------------------------------------------------------------------------

From Clock    To Clock          WNS(ns)      TNS(ns)  TNS Failing Endpoints  TNS Total Endpoints      WHS(ns)      THS(ns)  THS Failing Endpoints  THS Total Endpoints  
----------    --------          -------      -------  ---------------------  -------------------      -------      -------  ---------------------  -------------------  


------------------------------------------------------------------------------------------------
| Other Path Groups Table
| -----------------------
------------------------------------------------------------------------------------------------

Path Group    From Clock    To Clock          WNS(ns)      TNS(ns)  TNS Failing Endpoints  TNS Total Endpoints      WHS(ns)      THS(ns)  THS Failing Endpoints  THS Total Endpoints  
----------    ----------    --------          -------      -------  ---------------------  -------------------      -------      -------  ---------------------  -------------------  
**default**   pixel_raw                         1.584        0.000                      0                   14                                                                        


------------------------------------------------------------------------------------------------
| User Ignored Path Table
| -----------------------
------------------------------------------------------------------------------------------------

Path Group    From Clock    To Clock    
----------    ----------    --------    
(none)                                    
(none)        pixel_raw                   
(none)                      pixel_raw     


------------------------------------------------------------------------------------------------
| Unconstrained Path Table
| ------------------------
------------------------------------------------------------------------------------------------

Path Group    From Clock    To Clock    
----------    ----------    --------    
(none)                      pixel_raw     


------------------------------------------------------------------------------------------------
| Timing Details
| --------------
------------------------------------------------------------------------------------------------


---------------------------------------------------------------------------------------------------
From Clock:  clk100
  To Clock:  clk100

Setup :           NA  Failing Endpoints,  Worst Slack           NA  ,  Total Violation           NA
Hold  :           NA  Failing Endpoints,  Worst Slack           NA  ,  Total Violation           NA
PW    :            0  Failing Endpoints,  Worst Slack        3.000ns,  Total Violation        0.000ns
---------------------------------------------------------------------------------------------------


Pulse Width Checks
--------------------------------------------------------------------------------------
Clock Name:         clk100
Waveform(ns):       { 0.000 5.000 }
Period(ns):         10.000
Sources:            { CLK100MHZ }

Check Type        Corner  Lib Pin            Reference Pin  Required(ns)  Actual(ns)  Slack(ns)  Location         Pin
Min Period        n/a     MMCME2_ADV/CLKIN1  n/a            1.249         10.000      8.751      MMCME2_ADV_X1Y2  u_clocks/u_mmcm/CLKIN1
Max Period        n/a     MMCME2_ADV/CLKIN1  n/a            100.000       10.000      90.000     MMCME2_ADV_X1Y2  u_clocks/u_mmcm/CLKIN1
Low Pulse Width   Slow    MMCME2_ADV/CLKIN1  n/a            2.000         5.000       3.000      MMCME2_ADV_X1Y2  u_clocks/u_mmcm/CLKIN1
High Pulse Width  Slow    MMCME2_ADV/CLKIN1  n/a            2.000         5.000       3.000      MMCME2_ADV_X1Y2  u_clocks/u_mmcm/CLKIN1



---------------------------------------------------------------------------------------------------
From Clock:  feedback_raw
  To Clock:  feedback_raw

Setup :           NA  Failing Endpoints,  Worst Slack           NA  ,  Total Violation           NA
Hold  :           NA  Failing Endpoints,  Worst Slack           NA  ,  Total Violation           NA
PW    :            0  Failing Endpoints,  Worst Slack        7.845ns,  Total Violation        0.000ns
---------------------------------------------------------------------------------------------------


Pulse Width Checks
--------------------------------------------------------------------------------------
Clock Name:         feedback_raw
Waveform(ns):       { 0.000 5.000 }
Period(ns):         10.000
Sources:            { u_clocks/u_mmcm/CLKFBOUT }

Check Type  Corner  Lib Pin             Reference Pin  Required(ns)  Actual(ns)  Slack(ns)  Location         Pin
Min Period  n/a     BUFG/I              n/a            2.155         10.000      7.845      BUFGCTRL_X0Y18   u_clocks/u_feedback/I
Max Period  n/a     MMCME2_ADV/CLKFBIN  n/a            100.000       10.000      90.000     MMCME2_ADV_X1Y2  u_clocks/u_mmcm/CLKFBIN



---------------------------------------------------------------------------------------------------
From Clock:  gpu_raw
  To Clock:  gpu_raw

Setup :           NA  Failing Endpoints,  Worst Slack           NA  ,  Total Violation           NA
Hold  :           NA  Failing Endpoints,  Worst Slack           NA  ,  Total Violation           NA
PW    :            0  Failing Endpoints,  Worst Slack       53.360ns,  Total Violation        0.000ns
---------------------------------------------------------------------------------------------------


Pulse Width Checks
--------------------------------------------------------------------------------------
Clock Name:         gpu_raw
Waveform(ns):       { 0.000 80.000 }
Period(ns):         160.000
Sources:            { u_clocks/u_mmcm/CLKOUT1 }

Check Type  Corner  Lib Pin             Reference Pin  Required(ns)  Actual(ns)  Slack(ns)  Location         Pin
Min Period  n/a     RAMB36E1/CLKARDCLK  n/a            2.892         160.000     157.108    RAMB36_X1Y28     u_framebuffer/memory_reg_0_0/CLKARDCLK
Max Period  n/a     MMCME2_ADV/CLKOUT1  n/a            213.360       160.000     53.360     MMCME2_ADV_X1Y2  u_clocks/u_mmcm/CLKOUT1



---------------------------------------------------------------------------------------------------
From Clock:  pixel_raw
  To Clock:  pixel_raw

Setup :            0  Failing Endpoints,  Worst Slack       31.778ns,  Total Violation        0.000ns
Hold  :            0  Failing Endpoints,  Worst Slack        0.160ns,  Total Violation        0.000ns
PW    :            0  Failing Endpoints,  Worst Slack       19.500ns,  Total Violation        0.000ns
---------------------------------------------------------------------------------------------------


Max Delay Paths
--------------------------------------------------------------------------------------
Slack (MET) :             31.778ns  (required time - arrival time)
  Source:                 u_vga/fb_addr0/CLK
                            (rising edge-triggered cell DSP48E1 clocked by pixel_raw  {rise@0.000ns fall@20.000ns period=40.000ns})
  Destination:            u_framebuffer/memory_reg_8_0/ENBWREN
                            (rising edge-triggered cell RAMB36E1 clocked by pixel_raw  {rise@0.000ns fall@20.000ns period=40.000ns})
  Path Group:             pixel_raw
  Path Type:              Setup (Max at Slow Process Corner)
  Requirement:            40.000ns  (pixel_raw rise@40.000ns - pixel_raw rise@0.000ns)
  Data Path Delay:        7.576ns  (logic 4.257ns (56.188%)  route 3.319ns (43.812%))
  Logic Levels:           2  (LUT3=1 LUT5=1)
  Clock Path Skew:        -0.103ns (DCD - SCD + CPR)
    Destination Clock Delay (DCD):    -1.409ns = ( 38.591 - 40.000 ) 
    Source Clock Delay      (SCD):    -0.747ns
    Clock Pessimism Removal (CPR):    0.560ns
  Clock Uncertainty:      0.099ns  ((TSJ^2 + DJ^2)^1/2) / 2 + PE
    Total System Jitter     (TSJ):    0.071ns
    Discrete Jitter          (DJ):    0.186ns
    Phase Error              (PE):    0.000ns

    Location             Delay type                Incr(ns)  Path(ns)    Netlist Resource(s)
  -------------------------------------------------------------------    -------------------
                         (clock pixel_raw rise edge)
                                                      0.000     0.000 r  
    E3                                                0.000     0.000 r  CLK100MHZ (IN)
                         net (fo=0)                   0.000     0.000    u_clocks/CLK100MHZ
    E3                   IBUF (Prop_ibuf_I_O)         1.482     1.482 r  u_clocks/u_input/O
                         net (fo=1, routed)           1.233     2.715    u_clocks/input_clock
    MMCME2_ADV_X1Y2      MMCME2_ADV (Prop_mmcme2_adv_CLKIN1_CLKOUT0)
                                                     -7.070    -4.355 r  u_clocks/u_mmcm/CLKOUT0
                         net (fo=1, routed)           1.719    -2.636    u_clocks/pixel_raw
    BUFGCTRL_X0Y16       BUFG (Prop_bufg_I_O)         0.096    -2.540 r  u_clocks/u_pixel/O
                         net (fo=56, routed)          1.794    -0.747    u_vga/clk_pixel
    DSP48_X2Y56          DSP48E1                                      r  u_vga/fb_addr0/CLK
  -------------------------------------------------------------------    -------------------
    DSP48_X2Y56          DSP48E1 (Prop_dsp48e1_CLK_P[17])
                                                      4.009     3.262 f  u_vga/fb_addr0/P[17]
                         net (fo=6, routed)           1.221     4.484    u_vga/fb_addr0_n_88
    SLICE_X78Y143        LUT5 (Prop_lut5_I1_O)        0.124     4.608 r  u_vga/memory_reg_8_0_i_2/O
                         net (fo=3, routed)           1.370     5.978    u_framebuffer/memory_reg_9_0_0
    SLICE_X72Y136        LUT3 (Prop_lut3_I2_O)        0.124     6.102 r  u_framebuffer/memory_reg_8_0_ENBWREN_cooolgate_en_gate_15/O
                         net (fo=1, routed)           0.728     6.830    u_framebuffer/memory_reg_8_0_ENBWREN_cooolgate_en_sig_11
    RAMB36_X2Y26         RAMB36E1                                     r  u_framebuffer/memory_reg_8_0/ENBWREN
  -------------------------------------------------------------------    -------------------

                         (clock pixel_raw rise edge)
                                                     40.000    40.000 r  
    E3                                                0.000    40.000 r  CLK100MHZ (IN)
                         net (fo=0)                   0.000    40.000    u_clocks/CLK100MHZ
    E3                   IBUF (Prop_ibuf_I_O)         1.411    41.411 r  u_clocks/u_input/O
                         net (fo=1, routed)           1.162    42.573    u_clocks/input_clock
    MMCME2_ADV_X1Y2      MMCME2_ADV (Prop_mmcme2_adv_CLKIN1_CLKOUT0)
                                                     -7.324    35.249 r  u_clocks/u_mmcm/CLKOUT0
                         net (fo=1, routed)           1.639    36.888    u_clocks/pixel_raw
    BUFGCTRL_X0Y16       BUFG (Prop_bufg_I_O)         0.091    36.979 r  u_clocks/u_pixel/O
                         net (fo=56, routed)          1.611    38.591    u_framebuffer/clk_pixel
    RAMB36_X2Y26         RAMB36E1                                     r  u_framebuffer/memory_reg_8_0/CLKBWRCLK
                         clock pessimism              0.560    39.150    
                         clock uncertainty           -0.099    39.051    
    RAMB36_X2Y26         RAMB36E1 (Setup_ramb36e1_CLKBWRCLK_ENBWREN)
                                                     -0.443    38.608    u_framebuffer/memory_reg_8_0
  -------------------------------------------------------------------
                         required time                         38.608    
                         arrival time                          -6.830    
  -------------------------------------------------------------------
                         slack                                 31.778    





Min Delay Paths
--------------------------------------------------------------------------------------
Slack (MET) :             0.160ns  (arrival time - required time)
  Source:                 u_pixel_reset/reset_pipe_reg[0]/C
                            (rising edge-triggered cell FDPE clocked by pixel_raw  {rise@0.000ns fall@20.000ns period=40.000ns})
  Destination:            u_pixel_reset/reset_pipe_reg[1]/D
                            (rising edge-triggered cell FDPE clocked by pixel_raw  {rise@0.000ns fall@20.000ns period=40.000ns})
  Path Group:             pixel_raw
  Path Type:              Hold (Min at Fast Process Corner)
  Requirement:            0.000ns  (pixel_raw rise@0.000ns - pixel_raw rise@0.000ns)
  Data Path Delay:        0.220ns  (logic 0.164ns (74.580%)  route 0.056ns (25.420%))
  Logic Levels:           0  
  Clock Path Skew:        0.000ns (DCD - SCD - CPR)
    Destination Clock Delay (DCD):    -0.814ns
    Source Clock Delay      (SCD):    -0.575ns
    Clock Pessimism Removal (CPR):    -0.239ns

    Location             Delay type                Incr(ns)  Path(ns)    Netlist Resource(s)
  -------------------------------------------------------------------    -------------------
                         (clock pixel_raw rise edge)
                                                      0.000     0.000 r  
    E3                                                0.000     0.000 r  CLK100MHZ (IN)
                         net (fo=0)                   0.000     0.000    u_clocks/CLK100MHZ
    E3                   IBUF (Prop_ibuf_I_O)         0.250     0.250 r  u_clocks/u_input/O
                         net (fo=1, routed)           0.440     0.690    u_clocks/input_clock
    MMCME2_ADV_X1Y2      MMCME2_ADV (Prop_mmcme2_adv_CLKIN1_CLKOUT0)
                                                     -2.379    -1.689 r  u_clocks/u_mmcm/CLKOUT0
                         net (fo=1, routed)           0.499    -1.190    u_clocks/pixel_raw
    BUFGCTRL_X0Y16       BUFG (Prop_bufg_I_O)         0.026    -1.164 r  u_clocks/u_pixel/O
                         net (fo=56, routed)          0.589    -0.575    u_pixel_reset/clk_pixel
    SLICE_X78Y133        FDPE                                         r  u_pixel_reset/reset_pipe_reg[0]/C
  -------------------------------------------------------------------    -------------------
    SLICE_X78Y133        FDPE (Prop_fdpe_C_Q)         0.164    -0.411 r  u_pixel_reset/reset_pipe_reg[0]/Q
                         net (fo=1, routed)           0.056    -0.355    u_pixel_reset/reset_pipe[0]
    SLICE_X78Y133        FDPE                                         r  u_pixel_reset/reset_pipe_reg[1]/D
  -------------------------------------------------------------------    -------------------

                         (clock pixel_raw rise edge)
                                                      0.000     0.000 r  
    E3                                                0.000     0.000 r  CLK100MHZ (IN)
                         net (fo=0)                   0.000     0.000    u_clocks/CLK100MHZ
    E3                   IBUF (Prop_ibuf_I_O)         0.438     0.438 r  u_clocks/u_input/O
                         net (fo=1, routed)           0.480     0.918    u_clocks/input_clock
    MMCME2_ADV_X1Y2      MMCME2_ADV (Prop_mmcme2_adv_CLKIN1_CLKOUT0)
                                                     -3.163    -2.245 r  u_clocks/u_mmcm/CLKOUT0
                         net (fo=1, routed)           0.544    -1.702    u_clocks/pixel_raw
    BUFGCTRL_X0Y16       BUFG (Prop_bufg_I_O)         0.029    -1.673 r  u_clocks/u_pixel/O
                         net (fo=56, routed)          0.859    -0.814    u_pixel_reset/clk_pixel
    SLICE_X78Y133        FDPE                                         r  u_pixel_reset/reset_pipe_reg[1]/C
                         clock pessimism              0.239    -0.575    
    SLICE_X78Y133        FDPE (Hold_fdpe_C_D)         0.060    -0.515    u_pixel_reset/reset_pipe_reg[1]
  -------------------------------------------------------------------
                         required time                          0.515    
                         arrival time                          -0.355    
  -------------------------------------------------------------------
                         slack                                  0.160    





Pulse Width Checks
--------------------------------------------------------------------------------------
Clock Name:         pixel_raw
Waveform(ns):       { 0.000 20.000 }
Period(ns):         40.000
Sources:            { u_clocks/u_mmcm/CLKOUT0 }

Check Type        Corner  Lib Pin             Reference Pin  Required(ns)  Actual(ns)  Slack(ns)  Location         Pin
Min Period        n/a     RAMB36E1/CLKBWRCLK  n/a            2.892         40.000      37.108     RAMB36_X1Y28     u_framebuffer/memory_reg_0_0/CLKBWRCLK
Max Period        n/a     MMCME2_ADV/CLKOUT0  n/a            213.360       40.000      173.360    MMCME2_ADV_X1Y2  u_clocks/u_mmcm/CLKOUT0
Low Pulse Width   Slow    FDRE/C              n/a            0.500         20.000      19.500     SLICE_X79Y143    u_framebuffer/memory_reg_mux_sel_b_pos_0__6/C
High Pulse Width  Slow    FDRE/C              n/a            0.500         20.000      19.500     SLICE_X79Y143    u_framebuffer/memory_reg_mux_sel_b_pos_0__6/C



---------------------------------------------------------------------------------------------------
Path Group:  **default**
From Clock:  pixel_raw
  To Clock:  

Setup :            0  Failing Endpoints,  Worst Slack        1.584ns,  Total Violation        0.000ns
Hold  :           NA  Failing Endpoints,  Worst Slack           NA  ,  Total Violation           NA
---------------------------------------------------------------------------------------------------


Max Delay Paths
--------------------------------------------------------------------------------------
Slack (MET) :             1.584ns  (required time - arrival time)
  Source:                 u_vga/VGA_VS_reg/C
                            (rising edge-triggered cell FDSE clocked by pixel_raw  {rise@0.000ns fall@20.000ns period=40.000ns})
  Destination:            VGA_VS
  Path Group:             **default**
  Path Type:              Max at Slow Process Corner
  Requirement:            10.000ns  (MaxDelay Path 10.000ns)
  Data Path Delay:        8.416ns  (logic 4.520ns (53.707%)  route 3.896ns (46.293%))
  Logic Levels:           1  (OBUF=1)
  Output Delay:           0.000ns
  Timing Exception:       MaxDelay Path 10.000ns -datapath_only

    Location             Delay type                Incr(ns)  Path(ns)    Netlist Resource(s)
  -------------------------------------------------------------------    -------------------
    SLICE_X78Y143                                     0.000     0.000 r  u_vga/VGA_VS_reg/C
    SLICE_X78Y143        FDSE (Prop_fdse_C_Q)         0.518     0.518 r  u_vga/VGA_VS_reg/Q
                         net (fo=1, routed)           3.896     4.414    VGA_VS_OBUF
    B12                  OBUF (Prop_obuf_I_O)         4.002     8.416 r  VGA_VS_OBUF_inst/O
                         net (fo=0)                   0.000     8.416    VGA_VS
    B12                                                               r  VGA_VS (OUT)
  -------------------------------------------------------------------    -------------------

                         max delay                   10.000    10.000    
                         output delay                -0.000    10.000    
  -------------------------------------------------------------------
                         required time                         10.000    
                         arrival time                          -8.416    
  -------------------------------------------------------------------
                         slack                                  1.584    





--------------------------------------------------------------------------------------
Path Group:  (none)
From Clock:  
  To Clock:  

Max Delay             1 Endpoint
Min Delay             1 Endpoint
--------------------------------------------------------------------------------------


Max Delay Paths
--------------------------------------------------------------------------------------
Slack:                    inf
  Source:                 u_clocks/u_mmcm/LOCKED
                            (internal pin)
  Destination:            LED[0]
                            (output port)
  Path Group:             (none)
  Path Type:              Max at Slow Process Corner
  Data Path Delay:        8.068ns  (logic 3.957ns (49.051%)  route 4.111ns (50.949%))
  Logic Levels:           1  (OBUF=1)
  Timing Exception:       False Path

    Location             Delay type                Incr(ns)  Path(ns)    Netlist Resource(s)
  -------------------------------------------------------------------    -------------------
    MMCME2_ADV_X1Y2      MMCME2_ADV                   0.000     0.000 r  u_clocks/u_mmcm/LOCKED
                         net (fo=2, routed)           4.111     4.111    LED_OBUF[0]
    H17                  OBUF (Prop_obuf_I_O)         3.957     8.068 r  LED_OBUF[0]_inst/O
                         net (fo=0)                   0.000     8.068    LED[0]
    H17                                                               r  LED[0] (OUT)
  -------------------------------------------------------------------    -------------------





Min Delay Paths
--------------------------------------------------------------------------------------
Slack:                    inf
  Source:                 u_clocks/u_mmcm/LOCKED
                            (internal pin)
  Destination:            LED[0]
                            (output port)
  Path Group:             (none)
  Path Type:              Min at Fast Process Corner
  Data Path Delay:        3.373ns  (logic 1.960ns (58.121%)  route 1.413ns (41.879%))
  Logic Levels:           1  (OBUF=1)
  Timing Exception:       False Path

    Location             Delay type                Incr(ns)  Path(ns)    Netlist Resource(s)
  -------------------------------------------------------------------    -------------------
    MMCME2_ADV_X1Y2      MMCME2_ADV                   0.000     0.000 r  u_clocks/u_mmcm/LOCKED
                         net (fo=2, routed)           1.413     1.413    LED_OBUF[0]
    H17                  OBUF (Prop_obuf_I_O)         1.960     3.373 r  LED_OBUF[0]_inst/O
                         net (fo=0)                   0.000     3.373    LED[0]
    H17                                                               r  LED[0] (OUT)
  -------------------------------------------------------------------    -------------------





--------------------------------------------------------------------------------------
Path Group:  (none)
From Clock:  pixel_raw
  To Clock:  

Max Delay             0 Endpoints
Min Delay            14 Endpoints
--------------------------------------------------------------------------------------


Min Delay Paths
--------------------------------------------------------------------------------------
Slack:                    inf
  Source:                 u_vga/VGA_G_reg[1]/C
                            (rising edge-triggered cell FDRE clocked by pixel_raw  {rise@0.000ns fall@20.000ns period=40.000ns})
  Destination:            VGA_G[1]
                            (output port)
  Path Group:             (none)
  Path Type:              Min at Fast Process Corner
  Data Path Delay:        2.455ns  (logic 2.125ns (86.561%)  route 0.330ns (13.439%))
  Logic Levels:           1  (OBUF=1)
  Clock Uncertainty:      0.210ns  ((TSJ^2 + DJ^2)^1/2) / 2 + PE
    Total System Jitter     (TSJ):    0.050ns
    Discrete Jitter          (DJ):    0.186ns
    Phase Error              (PE):    0.114ns
  Timing Exception:       False Path

    Location             Delay type                Incr(ns)  Path(ns)    Netlist Resource(s)
  -------------------------------------------------------------------    -------------------
                         (clock pixel_raw rise edge)
                                                      0.000     0.000 r  
    E3                                                0.000     0.000 r  CLK100MHZ (IN)
                         net (fo=0)                   0.000     0.000    u_clocks/CLK100MHZ
    E3                   IBUF (Prop_ibuf_I_O)         0.250     0.250 r  u_clocks/u_input/O
                         net (fo=1, routed)           0.440     0.690    u_clocks/input_clock
    MMCME2_ADV_X1Y2      MMCME2_ADV (Prop_mmcme2_adv_CLKIN1_CLKOUT0)
                                                     -2.379    -1.689 r  u_clocks/u_mmcm/CLKOUT0
                         net (fo=1, routed)           0.499    -1.190    u_clocks/pixel_raw
    BUFGCTRL_X0Y16       BUFG (Prop_bufg_I_O)         0.026    -1.164 r  u_clocks/u_pixel/O
                         net (fo=56, routed)          0.601    -0.563    u_vga/clk_pixel
    SLICE_X86Y143        FDRE                                         r  u_vga/VGA_G_reg[1]/C
  -------------------------------------------------------------------    -------------------
    SLICE_X86Y143        FDRE (Prop_fdre_C_Q)         0.141    -0.422 r  u_vga/VGA_G_reg[1]/Q
                         net (fo=1, routed)           0.330    -0.092    VGA_G_OBUF[1]
    A5                   OBUF (Prop_obuf_I_O)         1.984     1.892 r  VGA_G_OBUF[1]_inst/O
                         net (fo=0)                   0.000     1.892    VGA_G[1]
    A5                                                                r  VGA_G[1] (OUT)
  -------------------------------------------------------------------    -------------------





--------------------------------------------------------------------------------------
Path Group:  (none)
From Clock:  
  To Clock:  pixel_raw

Max Delay             3 Endpoints
Min Delay             3 Endpoints
--------------------------------------------------------------------------------------


Max Delay Paths
--------------------------------------------------------------------------------------
Slack:                    inf
  Source:                 CPU_RESETN
                            (input port)
  Destination:            u_pixel_reset/reset_pipe_reg[0]/PRE
                            (recovery check against rising-edge clock pixel_raw  {rise@0.000ns fall@20.000ns period=40.000ns})
  Path Group:             (none)
  Path Type:              Recovery (Max at Slow Process Corner)
  Data Path Delay:        5.717ns  (logic 1.631ns (28.527%)  route 4.086ns (71.473%))
  Logic Levels:           2  (IBUF=1 LUT2=1)
  Clock Path Skew:        -1.444ns (DCD - SCD + CPR)
    Destination Clock Delay (DCD):    -1.444ns
    Source Clock Delay      (SCD):    0.000ns
    Clock Pessimism Removal (CPR):    0.000ns
  Clock Uncertainty:      0.210ns  ((TSJ^2 + DJ^2)^1/2) / 2 + PE
    Total System Jitter     (TSJ):    0.050ns
    Discrete Jitter          (DJ):    0.186ns
    Phase Error              (PE):    0.114ns
  Timing Exception:       False Path

    Location             Delay type                Incr(ns)  Path(ns)    Netlist Resource(s)
  -------------------------------------------------------------------    -------------------
    C12                                               0.000     0.000 r  CPU_RESETN (IN)
                         net (fo=0)                   0.000     0.000    CPU_RESETN
    C12                  IBUF (Prop_ibuf_I_O)         1.507     1.507 r  CPU_RESETN_IBUF_inst/O
                         net (fo=2, routed)           3.558     5.065    u_clocks/CPU_RESETN_IBUF
    SLICE_X78Y133        LUT2 (Prop_lut2_I0_O)        0.124     5.189 f  u_clocks/reset_pipe[2]_i_1/O
                         net (fo=3, routed)           0.529     5.717    u_pixel_reset/AS[0]
    SLICE_X78Y133        FDPE                                         f  u_pixel_reset/reset_pipe_reg[0]/PRE
  -------------------------------------------------------------------    -------------------

                         (clock pixel_raw rise edge)
                                                      0.000     0.000 r  
    E3                                                0.000     0.000 r  CLK100MHZ (IN)
                         net (fo=0)                   0.000     0.000    u_clocks/CLK100MHZ
    E3                   IBUF (Prop_ibuf_I_O)         1.411     1.411 r  u_clocks/u_input/O
                         net (fo=1, routed)           1.162     2.573    u_clocks/input_clock
    MMCME2_ADV_X1Y2      MMCME2_ADV (Prop_mmcme2_adv_CLKIN1_CLKOUT0)
                                                     -7.324    -4.751 r  u_clocks/u_mmcm/CLKOUT0
                         net (fo=1, routed)           1.639    -3.112    u_clocks/pixel_raw
    BUFGCTRL_X0Y16       BUFG (Prop_bufg_I_O)         0.091    -3.021 r  u_clocks/u_pixel/O
                         net (fo=56, routed)          1.577    -1.444    u_pixel_reset/clk_pixel
    SLICE_X78Y133        FDPE                                         r  u_pixel_reset/reset_pipe_reg[0]/C





Min Delay Paths
--------------------------------------------------------------------------------------
Slack:                    inf
  Source:                 CPU_RESETN
                            (input port)
  Destination:            u_pixel_reset/reset_pipe_reg[0]/PRE
                            (removal check against rising-edge clock pixel_raw  {rise@0.000ns fall@20.000ns period=40.000ns})
  Path Group:             (none)
  Path Type:              Removal (Min at Fast Process Corner)
  Data Path Delay:        2.038ns  (logic 0.320ns (15.682%)  route 1.718ns (84.318%))
  Logic Levels:           2  (IBUF=1 LUT2=1)
  Clock Path Skew:        -0.814ns (DCD - SCD - CPR)
    Destination Clock Delay (DCD):    -0.814ns
    Source Clock Delay      (SCD):    0.000ns
    Clock Pessimism Removal (CPR):    -0.000ns
  Timing Exception:       False Path

    Location             Delay type                Incr(ns)  Path(ns)    Netlist Resource(s)
  -------------------------------------------------------------------    -------------------
    C12                                               0.000     0.000 r  CPU_RESETN (IN)
                         net (fo=0)                   0.000     0.000    CPU_RESETN
    C12                  IBUF (Prop_ibuf_I_O)         0.275     0.275 r  CPU_RESETN_IBUF_inst/O
                         net (fo=2, routed)           1.545     1.819    u_clocks/CPU_RESETN_IBUF
    SLICE_X78Y133        LUT2 (Prop_lut2_I0_O)        0.045     1.864 f  u_clocks/reset_pipe[2]_i_1/O
                         net (fo=3, routed)           0.174     2.038    u_pixel_reset/AS[0]
    SLICE_X78Y133        FDPE                                         f  u_pixel_reset/reset_pipe_reg[0]/PRE
  -------------------------------------------------------------------    -------------------

                         (clock pixel_raw rise edge)
                                                      0.000     0.000 r  
    E3                                                0.000     0.000 r  CLK100MHZ (IN)
                         net (fo=0)                   0.000     0.000    u_clocks/CLK100MHZ
    E3                   IBUF (Prop_ibuf_I_O)         0.438     0.438 r  u_clocks/u_input/O
                         net (fo=1, routed)           0.480     0.918    u_clocks/input_clock
    MMCME2_ADV_X1Y2      MMCME2_ADV (Prop_mmcme2_adv_CLKIN1_CLKOUT0)
                                                     -3.163    -2.245 r  u_clocks/u_mmcm/CLKOUT0
                         net (fo=1, routed)           0.544    -1.702    u_clocks/pixel_raw
    BUFGCTRL_X0Y16       BUFG (Prop_bufg_I_O)         0.029    -1.673 r  u_clocks/u_pixel/O
                         net (fo=56, routed)          0.859    -0.814    u_pixel_reset/clk_pixel
    SLICE_X78Y133        FDPE                                         r  u_pixel_reset/reset_pipe_reg[0]/C





--------------------------------------------------------------------------------------
Path Group:  (none)
From Clock:  
  To Clock:  pixel_raw

Max Delay             3 Endpoints
Min Delay             3 Endpoints
--------------------------------------------------------------------------------------


Max Delay Paths
--------------------------------------------------------------------------------------
Slack:                    inf
  Source:                 u_clocks/u_mmcm/LOCKED
                            (internal pin)
  Destination:            u_pixel_reset/reset_pipe_reg[0]/PRE
                            (recovery check against rising-edge clock pixel_raw  {rise@0.000ns fall@20.000ns period=40.000ns})
  Path Group:             (none)
  Path Type:              Recovery (Max at Slow Process Corner)
  Data Path Delay:        2.726ns  (logic 0.124ns (4.548%)  route 2.602ns (95.452%))
  Logic Levels:           1  (LUT2=1)
  Clock Uncertainty:      0.210ns  ((TSJ^2 + DJ^2)^1/2) / 2 + PE
    Total System Jitter     (TSJ):    0.050ns
    Discrete Jitter          (DJ):    0.186ns
    Phase Error              (PE):    0.114ns

    Location             Delay type                Incr(ns)  Path(ns)    Netlist Resource(s)
  -------------------------------------------------------------------    -------------------
    MMCME2_ADV_X1Y2      MMCME2_ADV                   0.000     0.000 r  u_clocks/u_mmcm/LOCKED
                         net (fo=2, routed)           2.074     2.074    u_clocks/locked
    SLICE_X78Y133        LUT2 (Prop_lut2_I1_O)        0.124     2.198 f  u_clocks/reset_pipe[2]_i_1/O
                         net (fo=3, routed)           0.529     2.726    u_pixel_reset/AS[0]
    SLICE_X78Y133        FDPE                                         f  u_pixel_reset/reset_pipe_reg[0]/PRE
  -------------------------------------------------------------------    -------------------

                         (clock pixel_raw rise edge)
                                                      0.000     0.000 r  
    E3                                                0.000     0.000 r  CLK100MHZ (IN)
                         net (fo=0)                   0.000     0.000    u_clocks/CLK100MHZ
    E3                   IBUF (Prop_ibuf_I_O)         1.411     1.411 r  u_clocks/u_input/O
                         net (fo=1, routed)           1.162     2.573    u_clocks/input_clock
    MMCME2_ADV_X1Y2      MMCME2_ADV (Prop_mmcme2_adv_CLKIN1_CLKOUT0)
                                                     -7.324    -4.751 r  u_clocks/u_mmcm/CLKOUT0
                         net (fo=1, routed)           1.639    -3.112    u_clocks/pixel_raw
    BUFGCTRL_X0Y16       BUFG (Prop_bufg_I_O)         0.091    -3.021 r  u_clocks/u_pixel/O
                         net (fo=56, routed)          1.577    -1.444    u_pixel_reset/clk_pixel
    SLICE_X78Y133        FDPE                                         r  u_pixel_reset/reset_pipe_reg[0]/C





Min Delay Paths
--------------------------------------------------------------------------------------
Slack:                    inf
  Source:                 u_clocks/u_mmcm/LOCKED
                            (internal pin)
  Destination:            u_pixel_reset/reset_pipe_reg[0]/PRE
                            (removal check against rising-edge clock pixel_raw  {rise@0.000ns fall@20.000ns period=40.000ns})
  Path Group:             (none)
  Path Type:              Removal (Min at Fast Process Corner)
  Data Path Delay:        1.086ns  (logic 0.045ns (4.143%)  route 1.041ns (95.857%))
  Logic Levels:           1  (LUT2=1)
  Clock Uncertainty:      0.210ns  ((TSJ^2 + DJ^2)^1/2) / 2 + PE
    Total System Jitter     (TSJ):    0.050ns
    Discrete Jitter          (DJ):    0.186ns
    Phase Error              (PE):    0.114ns

    Location             Delay type                Incr(ns)  Path(ns)    Netlist Resource(s)
  -------------------------------------------------------------------    -------------------
    MMCME2_ADV_X1Y2      MMCME2_ADV                   0.000     0.000 r  u_clocks/u_mmcm/LOCKED
                         net (fo=2, routed)           0.868     0.868    u_clocks/locked
    SLICE_X78Y133        LUT2 (Prop_lut2_I1_O)        0.045     0.913 f  u_clocks/reset_pipe[2]_i_1/O
                         net (fo=3, routed)           0.174     1.086    u_pixel_reset/AS[0]
    SLICE_X78Y133        FDPE                                         f  u_pixel_reset/reset_pipe_reg[0]/PRE
  -------------------------------------------------------------------    -------------------

                         (clock pixel_raw rise edge)
                                                      0.000     0.000 r  
    E3                                                0.000     0.000 r  CLK100MHZ (IN)
                         net (fo=0)                   0.000     0.000    u_clocks/CLK100MHZ
    E3                   IBUF (Prop_ibuf_I_O)         0.438     0.438 r  u_clocks/u_input/O
                         net (fo=1, routed)           0.480     0.918    u_clocks/input_clock
    MMCME2_ADV_X1Y2      MMCME2_ADV (Prop_mmcme2_adv_CLKIN1_CLKOUT0)
                                                     -3.163    -2.245 r  u_clocks/u_mmcm/CLKOUT0
                         net (fo=1, routed)           0.544    -1.702    u_clocks/pixel_raw
    BUFGCTRL_X0Y16       BUFG (Prop_bufg_I_O)         0.029    -1.673 r  u_clocks/u_pixel/O
                         net (fo=56, routed)          0.859    -0.814    u_pixel_reset/clk_pixel
    SLICE_X78Y133        FDPE                                         r  u_pixel_reset/reset_pipe_reg[0]/C





